\BOOKMARK [1][-]{section*.1}{\376\377\000A\000r\000t\000i\000f\000i\000c\000i\000a\000l\000\040\000I\000n\000t\000e\000l\000l\000i\000g\000e\000n\000c\000e\000\040\000a\000n\000d\000\040\000M\000a\000c\000h\000i\000n\000e\000\040\000L\000e\000a\000r\000n\000i\000n\000g\000\040\000f\000o\000r\000\040\000n\000u\000c\000l\000e\000a\000r\000\040\000p\000h\000y\000s\000i\000c\000s\000\040\000i\000n\000\040\000b\000r\000o\000a\000d\000\040\000s\000t\000r\000o\000k\000e\000s}{}% 1
